// Jest Snapshot v1, https://goo.gl/fbAQLP

exports[`Loading Snapshot 1`] = `
"<styled.div>
  <WithStyles(CircularProgress) />
</styled.div>"
`;
